<html>
<body>
<pre>
<h1>µVision Build Log</h1>
<h2>Tool Versions:</h2>
IDE-Version: ¦ÌVision V5.40.0.0
Copyright (C) 2024 ARM Ltd and ARM Germany GmbH. All rights reserved.
License Information: 1 ï¿½ï¿½ï¿½ï¿½ï¿½, 1, LIC=0VRJ7-EP7V4-LV91I-T0RZL-GA9NU-4WD4X
 
Tool Versions:
Toolchain:       MDK-ARM Professional  Version: 5.40.0.3
Toolchain Path:  D:\Keil_5.40\ARM\ARMCC\Bin
C Compiler:      Armcc.exe V5.06 update 5 (build 528)
Assembler:       Armasm.exe V5.06 update 5 (build 528)
Linker/Locator:  ArmLink.exe V5.06 update 5 (build 528)
Library Manager: ArmAr.exe V5.06 update 5 (build 528)
Hex Converter:   FromElf.exe V5.06 update 5 (build 528)
CPU DLL:         SARMCM3.DLL V5.40.0.3
Dialog DLL:      DCM.DLL V1.17.5.0
Target DLL:      STLink\ST-LINKIII-KEIL_SWO.dll V3.0.1.0
Dialog DLL:      TCM.DLL V1.56.4.0
 
<h2>Project:</h2>
D:\Desktop\freertos\freertos_my\07_delete_task\01_freertos_template\MDK-ARM\01_freertos_template.uvprojx
Project File Date:  08/25/2023

<h2>Output:</h2>
*** Using Compiler 'V5.06 update 5 (build 528)', folder: 'D:\Keil_5.40\ARM\ARMCC\Bin'
Build target '01_freertos_template'
assembling startup_stm32f103xb.s...
compiling music.c...
compiling main.c...
compiling stm32f1xx_it.c...
compiling stm32f1xx_hal_msp.c...
compiling gpio.c...
compiling i2c.c...
compiling stm32f1xx_hal_gpio_ex.c...
compiling spi.c...
compiling usart.c...
compiling usb.c...
compiling adc.c...
compiling stm32f1xx_hal_timebase_tim.c...
compiling tim.c...
compiling freertos.c...
../Core/Src/freertos.c(130): warning:  #167-D: argument of type "void (*)(void)" is incompatible with parameter of type "TaskFunction_t"
    xLightTaskHandle = xTaskCreateStatic(Led_Test, "LightTask", 128, 
ULL, osPriorityNormal, g_pucStackOfLightTask, &g_TCBofLightTask);
../Core/Src/freertos.c(133): warning:  #167-D: argument of type "void (*)(void)" is incompatible with parameter of type "TaskFunction_t"
    xColorTaskHandle = xTaskCreateStatic(ColorLED_Test, "ColorTask", 128, 
ULL, osPriorityNormal, g_pucStackOfColorTask, &g_TCBofColorTask);
../Core/Src/freertos.c(156): warning:  #177-D: variable "len"  was declared but never referenced
      int len;
../Core/Src/freertos.c(159): warning:  #550-D: variable "ret"  was set but never used
  	BaseType_t ret;
../Core/Src/freertos.c(70): warning:  #550-D: variable "xLightTaskHandle"  was set but never used
  static TaskHandle_t xLightTaskHandle;
../Core/Src/freertos.c(74): warning:  #550-D: variable "xColorTaskHandle"  was set but never used
  static TaskHandle_t xColorTaskHandle;
../Core/Src/freertos.c: 6 warnings, 0 errors
compiling stm32f1xx_hal_adc_ex.c...
compiling stm32f1xx_hal_adc.c...
compiling stm32f1xx_hal.c...
compiling stm32f1xx_hal_rcc_ex.c...
compiling stm32f1xx_hal_gpio.c...
compiling stm32f1xx_hal_rcc.c...
compiling stm32f1xx_hal_cortex.c...
compiling stm32f1xx_hal_pwr.c...
compiling stm32f1xx_hal_dma.c...
compiling croutine.c...
compiling stm32f1xx_hal_exti.c...
compiling stm32f1xx_hal_flash_ex.c...
compiling event_groups.c...
compiling stm32f1xx_hal_flash.c...
compiling list.c...
compiling stm32f1xx_hal_tim_ex.c...
compiling queue.c...
compiling stm32f1xx_hal_spi.c...
compiling stream_buffer.c...
compiling stm32f1xx_hal_uart.c...
compiling heap_4.c...
compiling timers.c...
compiling tasks.c...
compiling port.c...
compiling stm32f1xx_hal_pcd_ex.c...
compiling stm32f1xx_hal_i2c.c...
compiling driver_lcd.c...
compiling cmsis_os2.c...
compiling stm32f1xx_hal_tim.c...
compiling stm32f1xx_hal_pcd.c...
compiling system_stm32f1xx.c...
compiling stm32f1xx_ll_usb.c...
compiling driver_led.c...
compiling driver_oled.c...
..\Drivers\DshanMCU-F103\driver_oled.c(156): warning:  #177-D: function "OLED_WriteData"  was declared but never referenced
  static int OLED_WriteData(uint8_t data)
..\Drivers\DshanMCU-F103\driver_oled.c(204): warning:  #177-D: function "OLED_H_Scroll"  was declared but never referenced
  static void OLED_H_Scroll(H_SCROLL_DIR dir, uint8_t start, uint8_t fr_time, uint8_t end)
..\Drivers\DshanMCU-F103\driver_oled.c(228): warning:  #177-D: function "OLED_HV_Scroll"  was declared but never referenced
  static void OLED_HV_Scroll(HV_SCROLL_DIR dir, uint8_t start, uint8_t fr_time, uint8_t end, uint8_t offset)
..\Drivers\DshanMCU-F103\driver_oled.c(248): warning:  #177-D: function "OLED_SetVScrollArea"  was declared but never referenced
  static void OLED_SetVScrollArea(uint8_t area, uint8_t row_num)
..\Drivers\DshanMCU-F103\driver_oled.c(297): warning:  #177-D: function "OLED_SetColAddr_HV"  was declared but never referenced
  static void OLED_SetColAddr_HV(uint8_t start, uint8_t end)
..\Drivers\DshanMCU-F103\driver_oled.c(314): warning:  #177-D: function "OLED_SetPageAddr_HV"  was declared but never referenced
  static void OLED_SetPageAddr_HV(uint8_t start, uint8_t end)
..\Drivers\DshanMCU-F103\driver_oled.c(420): warning:  #177-D: function "OLED_SetPreChargePeriod"  was declared but never referenced
  static void OLED_SetPreChargePeriod(uint8_t phase1, uint8_t phase2)
..\Drivers\DshanMCU-F103\driver_oled.c(434): warning:  #177-D: function "OLED_SetVcomhLevel"  was declared but never referenced
  static void OLED_SetVcomhLevel(VCOMH_LEVEL level)
..\Drivers\DshanMCU-F103\driver_oled.c: 8 warnings, 0 errors
compiling driver_mpu6050.c...
compiling driver_dht11.c...
compiling driver_timer.c...
compiling driver_ds18b20.c...
compiling driver_active_buzzer.c...
compiling driver_color_led.c...
compiling driver_light_sensor.c...
compiling driver_ir_sender.c...
compiling driver_passive_buzzer.c...
compiling driver_ir_receiver.c...
compiling driver_ir_obstacle.c...
compiling driver_ultrasonic_sr04.c...
compiling driver_spiflash_w25q64.c...
compiling driver_rotary_encoder.c...
compiling driver_irq.c...
compiling driver_motor.c...
compiling driver_uart.c...
..\Drivers\DshanMCU-F103\driver_uart.c(106): warning:  #2748-D: null argument provided for parameter marked with attribute "nonnull"
          c = fgetc(
ULL);
..\Drivers\DshanMCU-F103\driver_uart.c: 1 warning, 0 errors
compiling driver_key.c...
linking...
Program Size: Code=19252 RO-data=2408 RW-data=4208 ZI-data=10592  
FromELF: creating hex file...
"01_freertos_template\01_freertos_template.axf" - 0 Error(s), 15 Warning(s).

<h2>Software Packages used:</h2>

Package Vendor: ARM
                https://www.keil.com/pack/ARM.CMSIS.6.1.0.pack
                ARM::CMSIS@6.1.0
                CMSIS (Common Microcontroller Software Interface Standard)
   * Component: CORE Version: 6.1.0

Package Vendor: Keil
                https://www.keil.com/pack/Keil.STM32F1xx_DFP.2.4.1.pack
                Keil::STM32F1xx_DFP@2.4.1
                STMicroelectronics STM32F1 Series Device Support, Drivers and Examples

<h2>Collection of Component include folders:</h2>
  ./RTE/_01_freertos_template
  D:/keil_5.40_packs/ARM/CMSIS/6.1.0/CMSIS/Core/Include
  D:/keil_5.40_packs/Keil/STM32F1xx_DFP/2.4.1/Device/Include

<h2>Collection of Component Files used:</h2>

   * Component: ARM::CMSIS:CORE@6.1.0
      Include file:  CMSIS/Core/Include/tz_context.h
Build Time Elapsed:  00:00:05
</pre>
</body>
</html>
